// Jest Snapshot v1, https://goo.gl/fbAQLP

exports[`<App /> renders correctly after fonts are loaded 1`] = `
<Provider
  store={
    Object {
      "dispatch": [Function],
      "getState": [Function],
      "replaceReducer": [Function],
      "subscribe": [Function],
      Symbol(observable): [Function],
    }
  }
>
  <AppStack />
</Provider>
`;

exports[`<App /> renders correctly while loading 1`] = `<AppLoading />`;
